File "61.rs", line 1, characters 1-171:
Missing outlives constraint: lifetime 'a must outlive 'd
