File "63.rs", line 5, characters 5-14:
Attempting to create a mutable borrow below a shared reference.
