File "66.rs", line 2, characters 12-17:
Writing into a shared reference.
