File "86.rs", line 6, characters 14-18:
Writing into a shared reference.
