File "87.rs", line 6, characters 11-18:
Attempting to create a mutable borrow below a shared reference.
