File "92.rs", line 9, characters 11-13:
Writing into a shared reference.
